ERRORS ==============>>>>>>>>>>>>>>

**  require is used to validate inputs and conditions before execution.
**  revert is similar to require. See the code below for details.
**  assert is used to check for code that should never be false. Failing assertion probably means that there is a bug.


// SPDX-License-Identifier: MIT
pragma solidity ^0.8.13;

contract Account {
    uint public balance;
    uint public constant MAX_UINT = 2**256 - 1;

    function deposit(uint _amount) public {
        uint oldBalance = balance;
        uint newBalance = balance + _amount;

        // balance + _amount does not overflow if balance + _amount >= balance
        require(newBalance >= oldBalance, "Overflow");

        balance = newBalance;

        assert(balance >= oldBalance);
    }

    function withdraw(uint _amount) public {
        uint oldBalance = balance;

        // balance - _amount does not underflow if balance >= _amount
        require(balance >= _amount, "Underflow");

        if (balance < _amount) {
            revert("Underflow");
        }

        balance -= _amount;

        assert(balance <= oldBalance);
    }
}